Microchip MPLAB XC8 Compiler V2.20

Linker command line:

-W-3 --edf=C:\Program Files\Microchip\xc8\v2.20\pic\dat\en_msgs.txt -cn \
  -h+dist/default/production\i2c_18854_read_voltage.X.production.sym \
  --cmf=dist/default/production\i2c_18854_read_voltage.X.production.cmf -z \
  -Q16F18854 -oC:\Users\linda\AppData\Local\Temp\s5i4.2 \
  --defsym=__MPLAB_BUILD=1 \
  -Mdist/default/production/i2c_18854_read_voltage.X.production.map -E1 \
  -ver=XC8 Compiler --acfsm=1493 -ASTACK=02000h-021EFh -pstack=STACK \
  -ACODE=00h-07FFhx2 -ASTRCODE=00h-0FFFh -ASTRING=00h-0FFhx16 \
  -ACONST=00h-0FFhx16 -AENTRY=00h-0FFhx16 -ACOMMON=070h-07Fh \
  -ABANK0=020h-06Fh -ABANK1=0A0h-0EFh -ABANK2=0120h-016Fh \
  -ABANK3=01A0h-01EFh -ABANK4=0220h-026Fh -ABANK5=02A0h-02EFh \
  -ABANK6=0320h-032Fh -ABIGRAM=02000h-021EFh \
  -ARAM=020h-06Fh,0A0h-0EFh,0120h-016Fh,01A0h-01EFh,0220h-026Fh,02A0h-02EFh,0320h-032Fh \
  -AABS1=020h-07Fh,0A0h-0EFh,0120h-016Fh,01A0h-01EFh,0220h-026Fh,02A0h-02EFh,0320h-032Fh \
  -ASFR0=00h-01Fh -ASFR1=080h-09Fh -ASFR2=0100h-011Fh -ASFR3=0180h-019Fh \
  -ASFR4=0200h-021Fh -ASFR5=0280h-029Fh -ASFR6=0300h-031Fh \
  -ASFR7=0380h-03EFh -ASFR8=0400h-046Fh -ASFR9=0480h-04EFh \
  -ASFR10=0500h-056Fh -ASFR11=0580h-05EFh -ASFR12=0600h-066Fh \
  -ASFR13=0680h-06EFh -ASFR14=0700h-076Fh -ASFR15=0780h-07EFh \
  -ASFR16=0800h-086Fh -ASFR17=0880h-08EFh -ASFR18=0900h-096Fh \
  -ASFR19=0980h-09EFh -ASFR20=0A00h-0A6Fh -ASFR21=0A80h-0AEFh \
  -ASFR22=0B00h-0B6Fh -ASFR23=0B80h-0BEFh -ASFR24=0C00h-0C6Fh \
  -ASFR25=0C80h-0CEFh -ASFR26=0D00h-0D6Fh -ASFR27=0D80h-0DEFh \
  -ASFR28=0E00h-0E6Fh -ASFR29=0E80h-0EEFh -ASFR30=0F00h-0F6Fh \
  -ASFR31=0F80h-0FEFh -ACONFIG=08007h-0800Bh -DCONFIG=2 \
  -AIDLOC=08000h-08003h -DIDLOC=2 -preset_vec=00h,intentry,init,end_init \
  -ppowerup=CODE -pcinit=CODE -pfunctab=ENTRY -AEEDATA=00h-0FFh/0F000h \
  -peeprom_data=EEDATA -DEEDATA=2 -DCODE=2 -DSTRCODE=2 -DSTRING=2 -DCONST=2 \
  -DENTRY=2 -k C:\Users\linda\AppData\Local\Temp\s5i4.o \
  dist/default/production\i2c_18854_read_voltage.X.production.o 

Object code version is 3.11

Machine type is 16F18854



                Name                               Link     Load   Length Selector   Space Scale
C:\Users\linda\AppData\Local\Temp\s5i4.o
                end_init                              2        2        2        0       0
                reset_vec                             0        0        2        0       0
dist/default/production\i2c_18854_read_voltage.X.production.o
                cinit                               7FA      7FA        6      FF4       0
                text11                              73F      73F        C      E7E       0
                text10                              766      766       1D      ECC       0
                text9                               711      711        6      E22       0
                text8                               717      717        6      E2E       0
                text7                               71D      71D        6      E3A       0
                text6                               758      758        E      EB0       0
                text5                               72B      72B        9      E56       0
                text4                               783      783       2F      F06       0
                text3                               723      723        8      E46       0
                text2                               734      734        B      E68       0
                text1                               74B      74B        D      E96       0
                maintext                            7B2      7B2       48      F64       0
                cstackCOMMON                         70       70        4       70       1
                bssCOMMON                            74       74        3       70       1

TOTAL           Name                               Link     Load   Length     Space
        CLASS   STACK          

        CLASS   CODE           
                end_init                              2        2        2         0
                cinit                               7FA      7FA        6         0
                reset_vec                             0        0        2         0
                text11                              73F      73F        C         0
                text10                              766      766       1D         0
                text9                               711      711        6         0
                text8                               717      717        6         0
                text7                               71D      71D        6         0
                text6                               758      758        E         0
                text5                               72B      72B        9         0
                text4                               783      783       2F         0
                text3                               723      723        8         0
                text2                               734      734        B         0
                text1                               74B      74B        D         0
                maintext                            7B2      7B2       48         0

        CLASS   STRCODE        

        CLASS   STRING         

        CLASS   CONST          

        CLASS   ENTRY          

        CLASS   COMMON         
                cstackCOMMON                         70       70        4         1
                bssCOMMON                            74       74        3         1

        CLASS   BANK0          

        CLASS   BANK1          

        CLASS   BANK2          

        CLASS   BANK3          

        CLASS   BANK4          

        CLASS   BANK5          

        CLASS   BANK6          

        CLASS   BIGRAM         

        CLASS   RAM            

        CLASS   ABS1           
                abs_s1                               7E       7E        2         1

        CLASS   SFR0           

        CLASS   SFR1           

        CLASS   SFR2           

        CLASS   SFR3           

        CLASS   SFR4           

        CLASS   SFR5           

        CLASS   SFR6           

        CLASS   SFR7           

        CLASS   SFR8           

        CLASS   SFR9           

        CLASS   SFR10          

        CLASS   SFR11          

        CLASS   SFR12          

        CLASS   SFR13          

        CLASS   SFR14          

        CLASS   SFR15          

        CLASS   SFR16          

        CLASS   SFR17          

        CLASS   SFR18          

        CLASS   SFR19          

        CLASS   SFR20          

        CLASS   SFR21          

        CLASS   SFR22          

        CLASS   SFR23          

        CLASS   SFR24          

        CLASS   SFR25          

        CLASS   SFR26          

        CLASS   SFR27          

        CLASS   SFR28          

        CLASS   SFR29          

        CLASS   SFR30          

        CLASS   SFR31          

        CLASS   CONFIG         

        CLASS   IDLOC          

        CLASS   EEDATA         

        CLASS   BANK31         

        CLASS   BANK30         

        CLASS   BANK29         

        CLASS   BANK28         

        CLASS   BANK27         

        CLASS   BANK26         

        CLASS   BANK25         

        CLASS   BANK24         

        CLASS   BANK23         

        CLASS   BANK22         

        CLASS   BANK21         

        CLASS   BANK20         

        CLASS   BANK19         

        CLASS   BANK18         

        CLASS   BANK17         

        CLASS   BANK16         

        CLASS   BANK15         

        CLASS   BANK14         

        CLASS   BANK13         

        CLASS   BANK12         

        CLASS   BANK11         

        CLASS   BANK10         

        CLASS   BANK9          

        CLASS   BANK8          

        CLASS   BANK7          



SEGMENTS        Name                           Load    Length   Top    Selector   Space  Class     Delta

                reset_vec                      000000  000004  000004         0       0  CODE        2
                cstackCOMMON                   000070  000007  000077        70       1  COMMON      1
                text9                          000711  000006  000717       E22       0  CODE        2
                text8                          000717  000006  00071D       E2E       0  CODE        2
                text7                          00071D  000006  000723       E3A       0  CODE        2
                text3                          000723  000008  00072B       E46       0  CODE        2
                text5                          00072B  000009  000734       E56       0  CODE        2
                text2                          000734  00000B  00073F       E68       0  CODE        2
                text11                         00073F  00000C  00074B       E7E       0  CODE        2
                text1                          00074B  00000D  000758       E96       0  CODE        2
                text6                          000758  00000E  000766       EB0       0  CODE        2
                text10                         000766  00001D  000783       ECC       0  CODE        2
                text4                          000783  00002F  0007B2       F06       0  CODE        2
                maintext                       0007B2  000048  0007FA       F64       0  CODE        2
                cinit                          0007FA  000006  000800       FF4       0  CODE        2


UNUSED ADDRESS RANGES

        Name                Unused          Largest block    Delta
        BANK0            0020-006F             50           1
        BANK1            00A0-00EF             50           1
        BANK2            0120-016F             50           1
        BANK3            01A0-01EF             50           1
        BANK4            0220-026F             50           1
        BANK5            02A0-02EF             50           1
        BANK6            0320-032F             10           1
        BIGRAM           2000-21EF            1F0           1
        CODE             0004-0710            70D           2
                         0800-0FFF            800
        COMMON           0077-007D              7           1
        CONFIG           8007-800B              5           2
        CONST            0004-0710            100           2
                         0800-0FFF            100
        EEDATA           F000-F0FF            100           2
        ENTRY            0004-0710            100           2
                         0800-0FFF            100
        IDLOC            8000-8003              4           2
        RAM              0020-006F             50           1
                         00A0-00EF             50
                         0120-016F             50
                         01A0-01EF             50
                         0220-026F             50
                         02A0-02EF             50
                         0320-032F             10
        SFR0             0000-001F             20           1
        SFR1             0080-009F             20           1
        SFR10            0500-056F             70           1
        SFR11            0580-05EF             70           1
        SFR12            0600-066F             70           1
        SFR13            0680-06EF             70           1
        SFR14            0700-076F             70           1
        SFR15            0780-07EF             70           1
        SFR16            0800-086F             70           1
        SFR17            0880-08EF             70           1
        SFR18            0900-096F             70           1
        SFR19            0980-09EF             70           1
        SFR2             0100-011F             20           1
        SFR20            0A00-0A6F             70           1
        SFR21            0A80-0AEF             70           1
        SFR22            0B00-0B6F             70           1
        SFR23            0B80-0BEF             70           1
        SFR24            0C00-0C6F             70           1
        SFR25            0C80-0CEF             70           1
        SFR26            0D00-0D6F             70           1
        SFR27            0D80-0DEF             70           1
        SFR28            0E00-0E6F             70           1
        SFR29            0E80-0EEF             70           1
        SFR3             0180-019F             20           1
        SFR30            0F00-0F6F             70           1
        SFR31            0F80-0FEF             70           1
        SFR4             0200-021F             20           1
        SFR5             0280-029F             20           1
        SFR6             0300-031F             20           1
        SFR7             0380-03EF             70           1
        SFR8             0400-046F             70           1
        SFR9             0480-04EF             70           1
        STACK            2000-21EF            1F0           1
        STRCODE          0004-0710            70D           2
                         0800-0FFF            800
        STRING           0004-0710            100           2
                         0800-0FFF            100

                                  Symbol Table

I2C_Master_Read@get                cstackCOMMON 0071
I2C_Master_Read@temp               cstackCOMMON 0072
I2C_Master_Write@data              cstackCOMMON 0070
_ANSELA                            (abs)        0F38
_ANSELB                            (abs)        0F43
_ANSELC                            (abs)        0F4E
_I2C_Master_Read                   text10       0766
_I2C_Master_RepeatedStart          text9        0711
_I2C_Master_Start                  text8        0717
_I2C_Master_Stop                   text7        071D
_I2C_Master_Wait                   text11       073F
_I2C_Master_Write                  text6        0758
_INLVLA                            (abs)        0F3C
_INLVLB                            (abs)        0F47
_INLVLC                            (abs)        0F52
_INLVLE                            (abs)        0F68
_LATA                              (abs)        0016
_LATB                              (abs)        0017
_LATC                              (abs)        0018
_ODCONA                            (abs)        0F3A
_ODCONB                            (abs)        0F45
_ODCONC                            (abs)        0F50
_OSCCON1                           (abs)        088D
_OSCCON3                           (abs)        088F
_OSCEN                             (abs)        0891
_OSCFRQ                            (abs)        0893
_OSCILLATOR_Initialize             text5        072B
_OSCTUNE                           (abs)        0892
_PIN_MANAGER_Initialize            text4        0783
_PIR3bits                          (abs)        070F
_PMD0                              (abs)        0796
_PMD1                              (abs)        0797
_PMD2                              (abs)        0798
_PMD3                              (abs)        0799
_PMD4                              (abs)        079A
_PMD5                              (abs)        079B
_PMD_Initialize                    text3        0723
_RC3PPS                            (abs)        0F23
_RC4PPS                            (abs)        0F24
_SLRCONA                           (abs)        0F3B
_SLRCONB                           (abs)        0F46
_SLRCONC                           (abs)        0F51
_SSP1ADD                           (abs)        018D
_SSP1BUF                           (abs)        018C
_SSP1CLKPPS                        (abs)        0EC5
_SSP1CON1                          (abs)        0190
_SSP1CON2                          (abs)        0191
_SSP1CON2bits                      (abs)        0191
_SSP1DATPPS                        (abs)        0EC6
_SSP1MSK                           (abs)        018E
_SSP1STAT                          (abs)        018F
_SSP1STATbits                      (abs)        018F
_TRISA                             (abs)        0011
_TRISB                             (abs)        0012
_TRISC                             (abs)        0013
_WPUA                              (abs)        0F39
_WPUB                              (abs)        0F44
_WPUC                              (abs)        0F4F
_WPUE                              (abs)        0F65
__Habs1                            abs1         0000
__Hbank0                           bank0        0000
__Hbank1                           bank1        0000
__Hbank10                          bank10       0000
__Hbank11                          bank11       0000
__Hbank12                          bank12       0000
__Hbank13                          bank13       0000
__Hbank14                          bank14       0000
__Hbank15                          bank15       0000
__Hbank16                          bank16       0000
__Hbank17                          bank17       0000
__Hbank18                          bank18       0000
__Hbank19                          bank19       0000
__Hbank2                           bank2        0000
__Hbank20                          bank20       0000
__Hbank21                          bank21       0000
__Hbank22                          bank22       0000
__Hbank23                          bank23       0000
__Hbank24                          bank24       0000
__Hbank25                          bank25       0000
__Hbank26                          bank26       0000
__Hbank27                          bank27       0000
__Hbank28                          bank28       0000
__Hbank29                          bank29       0000
__Hbank3                           bank3        0000
__Hbank30                          bank30       0000
__Hbank31                          bank31       0000
__Hbank4                           bank4        0000
__Hbank5                           bank5        0000
__Hbank6                           bank6        0000
__Hbank7                           bank7        0000
__Hbank8                           bank8        0000
__Hbank9                           bank9        0000
__Hbigram                          bigram       0000
__HbssCOMMON                       bssCOMMON    0000
__Hcinit                           cinit        0800
__Hclrtext                         clrtext      0000
__Hcode                            code         0000
__Hcommon                          common       0000
__HcstackCOMMON                    cstackCOMMON 0000
__Heeprom_data                     eeprom_data  0000
__Hend_init                        end_init     0004
__Hfunctab                         functab      0000
__Hinit                            init         0002
__Hintentry                        intentry     0002
__Hmaintext                        maintext     0000
__Hpowerup                         powerup      0000
__Hram                             ram          0000
__Hreset_vec                       reset_vec    0002
__Hsfr0                            sfr0         0000
__Hsfr1                            sfr1         0000
__Hsfr10                           sfr10        0000
__Hsfr11                           sfr11        0000
__Hsfr12                           sfr12        0000
__Hsfr13                           sfr13        0000
__Hsfr14                           sfr14        0000
__Hsfr15                           sfr15        0000
__Hsfr16                           sfr16        0000
__Hsfr17                           sfr17        0000
__Hsfr18                           sfr18        0000
__Hsfr19                           sfr19        0000
__Hsfr2                            sfr2         0000
__Hsfr20                           sfr20        0000
__Hsfr21                           sfr21        0000
__Hsfr22                           sfr22        0000
__Hsfr23                           sfr23        0000
__Hsfr24                           sfr24        0000
__Hsfr25                           sfr25        0000
__Hsfr26                           sfr26        0000
__Hsfr27                           sfr27        0000
__Hsfr28                           sfr28        0000
__Hsfr29                           sfr29        0000
__Hsfr3                            sfr3         0000
__Hsfr30                           sfr30        0000
__Hsfr31                           sfr31        0000
__Hsfr4                            sfr4         0000
__Hsfr5                            sfr5         0000
__Hsfr6                            sfr6         0000
__Hsfr7                            sfr7         0000
__Hsfr8                            sfr8         0000
__Hsfr9                            sfr9         0000
__Hspace_0                         (abs)        0800
__Hspace_1                         (abs)        0077
__Hspace_2                         (abs)        0000
__Hspace_3                         (abs)        0000
__Hstack                           stack        0000
__Hstrings                         strings      0000
__Htext                            text         0000
__Labs1                            abs1         0000
__Lbank0                           bank0        0000
__Lbank1                           bank1        0000
__Lbank10                          bank10       0000
__Lbank11                          bank11       0000
__Lbank12                          bank12       0000
__Lbank13                          bank13       0000
__Lbank14                          bank14       0000
__Lbank15                          bank15       0000
__Lbank16                          bank16       0000
__Lbank17                          bank17       0000
__Lbank18                          bank18       0000
__Lbank19                          bank19       0000
__Lbank2                           bank2        0000
__Lbank20                          bank20       0000
__Lbank21                          bank21       0000
__Lbank22                          bank22       0000
__Lbank23                          bank23       0000
__Lbank24                          bank24       0000
__Lbank25                          bank25       0000
__Lbank26                          bank26       0000
__Lbank27                          bank27       0000
__Lbank28                          bank28       0000
__Lbank29                          bank29       0000
__Lbank3                           bank3        0000
__Lbank30                          bank30       0000
__Lbank31                          bank31       0000
__Lbank4                           bank4        0000
__Lbank5                           bank5        0000
__Lbank6                           bank6        0000
__Lbank7                           bank7        0000
__Lbank8                           bank8        0000
__Lbank9                           bank9        0000
__Lbigram                          bigram       0000
__LbssCOMMON                       bssCOMMON    0000
__Lcinit                           cinit        07FA
__Lclrtext                         clrtext      0000
__Lcode                            code         0000
__Lcommon                          common       0000
__LcstackCOMMON                    cstackCOMMON 0000
__Leeprom_data                     eeprom_data  0000
__Lend_init                        end_init     0002
__Lfunctab                         functab      0000
__Linit                            init         0002
__Lintentry                        intentry     0002
__Lmaintext                        maintext     0000
__Lpowerup                         powerup      0000
__Lram                             ram          0000
__Lreset_vec                       reset_vec    0000
__Lsfr0                            sfr0         0000
__Lsfr1                            sfr1         0000
__Lsfr10                           sfr10        0000
__Lsfr11                           sfr11        0000
__Lsfr12                           sfr12        0000
__Lsfr13                           sfr13        0000
__Lsfr14                           sfr14        0000
__Lsfr15                           sfr15        0000
__Lsfr16                           sfr16        0000
__Lsfr17                           sfr17        0000
__Lsfr18                           sfr18        0000
__Lsfr19                           sfr19        0000
__Lsfr2                            sfr2         0000
__Lsfr20                           sfr20        0000
__Lsfr21                           sfr21        0000
__Lsfr22                           sfr22        0000
__Lsfr23                           sfr23        0000
__Lsfr24                           sfr24        0000
__Lsfr25                           sfr25        0000
__Lsfr26                           sfr26        0000
__Lsfr27                           sfr27        0000
__Lsfr28                           sfr28        0000
__Lsfr29                           sfr29        0000
__Lsfr3                            sfr3         0000
__Lsfr30                           sfr30        0000
__Lsfr31                           sfr31        0000
__Lsfr4                            sfr4         0000
__Lsfr5                            sfr5         0000
__Lsfr6                            sfr6         0000
__Lsfr7                            sfr7         0000
__Lsfr8                            sfr8         0000
__Lsfr9                            sfr9         0000
__Lspace_0                         (abs)        0000
__Lspace_1                         (abs)        0000
__Lspace_2                         (abs)        0000
__Lspace_3                         (abs)        0000
__Lstack                           stack        0000
__Lstrings                         strings      0000
__Ltext                            text         0000
__S0                               (abs)        0800
__S1                               (abs)        0077
__S2                               (abs)        0000
__S3                               (abs)        0000
___int_sp                          stack        0000
___latbits                         (abs)        0001
___sp                              stack        0000
___stackhi                         (abs)        21EF
___stacklo                         (abs)        2000
__end_of_I2C_Master_Read           text10       0783
__end_of_I2C_Master_RepeatedStart  text9        0717
__end_of_I2C_Master_Start          text8        071D
__end_of_I2C_Master_Stop           text7        0723
__end_of_I2C_Master_Wait           text11       074B
__end_of_I2C_Master_Write          text6        0766
__end_of_OSCILLATOR_Initialize     text5        0734
__end_of_PIN_MANAGER_Initialize    text4        07B2
__end_of_PMD_Initialize            text3        072B
__end_of__initialization           cinit        07FD
__end_of_init                      text1        0758
__end_of_main                      maintext     07FA
__end_of_master_init               text2        073F
__initialization                   cinit        07FA
__pbssCOMMON                       bssCOMMON    0074
__pcstackCOMMON                    cstackCOMMON 0070
__pmaintext                        maintext     07B2
__ptext1                           text1        074B
__ptext10                          text10       0766
__ptext11                          text11       073F
__ptext2                           text2        0734
__ptext3                           text3        0723
__ptext4                           text4        0783
__ptext5                           text5        072B
__ptext6                           text6        0758
__ptext7                           text7        071D
__ptext8                           text8        0717
__ptext9                           text9        0711
__size_of_I2C_Master_Read          (abs)        0000
__size_of_I2C_Master_RepeatedStart (abs)        0000
__size_of_I2C_Master_Start         (abs)        0000
__size_of_I2C_Master_Stop          (abs)        0000
__size_of_I2C_Master_Wait          (abs)        0000
__size_of_I2C_Master_Write         (abs)        0000
__size_of_OSCILLATOR_Initialize    (abs)        0000
__size_of_PIN_MANAGER_Initialize   (abs)        0000
__size_of_PMD_Initialize           (abs)        0000
__size_of_init                     (abs)        0000
__size_of_main                     (abs)        0000
__size_of_master_init              (abs)        0000
_init                              text1        074B
_main                              maintext     07B2
_master_init                       text2        0734
_slave_feedback1                   bssCOMMON    0076
_slave_feedback2                   bssCOMMON    0075
btemp                              (abs)        007E
end_of_initialization              cinit        07FD
intlevel0                          functab      0000
intlevel1                          functab      0000
intlevel2                          functab      0000
intlevel3                          functab      0000
intlevel4                          functab      0000
intlevel5                          functab      0000
reset_vec                          reset_vec    0000
start                              init         0002
start_initialization               cinit        07FA
wtemp0                             (abs)        007E


FUNCTION INFORMATION:

 *************** function _main *****************
 Defined at:
		line 9 in file "main.c"
 Parameters:    Size  Location     Type
		None
 Auto vars:     Size  Location     Type
		None
 Return value:  Size  Location     Type
                  1    wreg      void 
 Registers used:
		wreg, status,2, status,0, pclath, cstack
 Tracked objects:
		On entry : 
		On exit  : 
		Unchanged: 
 Data sizes:     COMMON   BANK0   BANK1   BANK2   BANK3   BANK4   BANK5   BANK6
      Params:         0       0       0       0       0       0       0       0
      Locals:         0       0       0       0       0       0       0       0
      Temps:          1       0       0       0       0       0       0       0
      Totals:         1       0       0       0       0       0       0       0
Total ram usage:        1 bytes
 Hardware stack levels required when called:    2
 This function calls:
		_I2C_Master_Read
		_I2C_Master_RepeatedStart
		_I2C_Master_Start
		_I2C_Master_Stop
		_I2C_Master_Write
		_init
 This function is called by:
		Startup code after reset
 This function uses a non-reentrant model


 *************** function _init *****************
 Defined at:
		line 2 in file "init.c"
 Parameters:    Size  Location     Type
		None
 Auto vars:     Size  Location     Type
		None
 Return value:  Size  Location     Type
                  1    wreg      void 
 Registers used:
		wreg, status,2, status,0, pclath, cstack
 Tracked objects:
		On entry : 
		On exit  : 
		Unchanged: 
 Data sizes:     COMMON   BANK0   BANK1   BANK2   BANK3   BANK4   BANK5   BANK6
      Params:         0       0       0       0       0       0       0       0
      Locals:         0       0       0       0       0       0       0       0
      Temps:          0       0       0       0       0       0       0       0
      Totals:         0       0       0       0       0       0       0       0
Total ram usage:        0 bytes
 Hardware stack levels used:    1
 Hardware stack levels required when called:    1
 This function calls:
		_OSCILLATOR_Initialize
		_PIN_MANAGER_Initialize
		_PMD_Initialize
		_master_init
 This function is called by:
		_main
 This function uses a non-reentrant model


 *************** function _master_init *****************
 Defined at:
		line 99 in file "init.c"
 Parameters:    Size  Location     Type
		None
 Auto vars:     Size  Location     Type
		None
 Return value:  Size  Location     Type
                  1    wreg      void 
 Registers used:
		wreg, status,2
 Tracked objects:
		On entry : 
		On exit  : 
		Unchanged: 
 Data sizes:     COMMON   BANK0   BANK1   BANK2   BANK3   BANK4   BANK5   BANK6
      Params:         0       0       0       0       0       0       0       0
      Locals:         0       0       0       0       0       0       0       0
      Temps:          0       0       0       0       0       0       0       0
      Totals:         0       0       0       0       0       0       0       0
Total ram usage:        0 bytes
 Hardware stack levels used:    1
 This function calls:
		Nothing
 This function is called by:
		_init
 This function uses a non-reentrant model


 *************** function _PMD_Initialize *****************
 Defined at:
		line 24 in file "init.c"
 Parameters:    Size  Location     Type
		None
 Auto vars:     Size  Location     Type
		None
 Return value:  Size  Location     Type
                  1    wreg      void 
 Registers used:
		status,2
 Tracked objects:
		On entry : 
		On exit  : 
		Unchanged: 
 Data sizes:     COMMON   BANK0   BANK1   BANK2   BANK3   BANK4   BANK5   BANK6
      Params:         0       0       0       0       0       0       0       0
      Locals:         0       0       0       0       0       0       0       0
      Temps:          0       0       0       0       0       0       0       0
      Totals:         0       0       0       0       0       0       0       0
Total ram usage:        0 bytes
 Hardware stack levels used:    1
 This function calls:
		Nothing
 This function is called by:
		_init
 This function uses a non-reentrant model


 *************** function _PIN_MANAGER_Initialize *****************
 Defined at:
		line 40 in file "init.c"
 Parameters:    Size  Location     Type
		None
 Auto vars:     Size  Location     Type
		None
 Return value:  Size  Location     Type
                  1    wreg      void 
 Registers used:
		wreg, status,2
 Tracked objects:
		On entry : 
		On exit  : 
		Unchanged: 
 Data sizes:     COMMON   BANK0   BANK1   BANK2   BANK3   BANK4   BANK5   BANK6
      Params:         0       0       0       0       0       0       0       0
      Locals:         0       0       0       0       0       0       0       0
      Temps:          0       0       0       0       0       0       0       0
      Totals:         0       0       0       0       0       0       0       0
Total ram usage:        0 bytes
 Hardware stack levels used:    1
 This function calls:
		Nothing
 This function is called by:
		_init
 This function uses a non-reentrant model


 *************** function _OSCILLATOR_Initialize *****************
 Defined at:
		line 10 in file "init.c"
 Parameters:    Size  Location     Type
		None
 Auto vars:     Size  Location     Type
		None
 Return value:  Size  Location     Type
                  1    wreg      void 
 Registers used:
		wreg, status,2
 Tracked objects:
		On entry : 
		On exit  : 
		Unchanged: 
 Data sizes:     COMMON   BANK0   BANK1   BANK2   BANK3   BANK4   BANK5   BANK6
      Params:         0       0       0       0       0       0       0       0
      Locals:         0       0       0       0       0       0       0       0
      Temps:          0       0       0       0       0       0       0       0
      Totals:         0       0       0       0       0       0       0       0
Total ram usage:        0 bytes
 Hardware stack levels used:    1
 This function calls:
		Nothing
 This function is called by:
		_init
 This function uses a non-reentrant model


 *************** function _I2C_Master_Write *****************
 Defined at:
		line 19 in file "i2c_master.c"
 Parameters:    Size  Location     Type
  data            1    wreg     unsigned char 
 Auto vars:     Size  Location     Type
  data            1    0[COMMON] unsigned char 
 Return value:  Size  Location     Type
                  1    wreg      void 
 Registers used:
		wreg, status,2, status,0, pclath, cstack
 Tracked objects:
		On entry : 
		On exit  : 
		Unchanged: 
 Data sizes:     COMMON   BANK0   BANK1   BANK2   BANK3   BANK4   BANK5   BANK6
      Params:         0       0       0       0       0       0       0       0
      Locals:         1       0       0       0       0       0       0       0
      Temps:          0       0       0       0       0       0       0       0
      Totals:         1       0       0       0       0       0       0       0
Total ram usage:        1 bytes
 Hardware stack levels used:    1
 Hardware stack levels required when called:    1
 This function calls:
		_I2C_Master_Wait
 This function is called by:
		_main
 This function uses a non-reentrant model


 *************** function _I2C_Master_Stop *****************
 Defined at:
		line 15 in file "i2c_master.c"
 Parameters:    Size  Location     Type
		None
 Auto vars:     Size  Location     Type
		None
 Return value:  Size  Location     Type
                  1    wreg      void 
 Registers used:
		wreg, status,2, status,0, pclath, cstack
 Tracked objects:
		On entry : 
		On exit  : 
		Unchanged: 
 Data sizes:     COMMON   BANK0   BANK1   BANK2   BANK3   BANK4   BANK5   BANK6
      Params:         0       0       0       0       0       0       0       0
      Locals:         0       0       0       0       0       0       0       0
      Temps:          0       0       0       0       0       0       0       0
      Totals:         0       0       0       0       0       0       0       0
Total ram usage:        0 bytes
 Hardware stack levels used:    1
 Hardware stack levels required when called:    1
 This function calls:
		_I2C_Master_Wait
 This function is called by:
		_main
 This function uses a non-reentrant model


 *************** function _I2C_Master_Start *****************
 Defined at:
		line 7 in file "i2c_master.c"
 Parameters:    Size  Location     Type
		None
 Auto vars:     Size  Location     Type
		None
 Return value:  Size  Location     Type
                  1    wreg      void 
 Registers used:
		wreg, status,2, status,0, pclath, cstack
 Tracked objects:
		On entry : 
		On exit  : 
		Unchanged: 
 Data sizes:     COMMON   BANK0   BANK1   BANK2   BANK3   BANK4   BANK5   BANK6
      Params:         0       0       0       0       0       0       0       0
      Locals:         0       0       0       0       0       0       0       0
      Temps:          0       0       0       0       0       0       0       0
      Totals:         0       0       0       0       0       0       0       0
Total ram usage:        0 bytes
 Hardware stack levels used:    1
 Hardware stack levels required when called:    1
 This function calls:
		_I2C_Master_Wait
 This function is called by:
		_main
 This function uses a non-reentrant model


 *************** function _I2C_Master_RepeatedStart *****************
 Defined at:
		line 11 in file "i2c_master.c"
 Parameters:    Size  Location     Type
		None
 Auto vars:     Size  Location     Type
		None
 Return value:  Size  Location     Type
                  1    wreg      void 
 Registers used:
		wreg, status,2, status,0, pclath, cstack
 Tracked objects:
		On entry : 
		On exit  : 
		Unchanged: 
 Data sizes:     COMMON   BANK0   BANK1   BANK2   BANK3   BANK4   BANK5   BANK6
      Params:         0       0       0       0       0       0       0       0
      Locals:         0       0       0       0       0       0       0       0
      Temps:          0       0       0       0       0       0       0       0
      Totals:         0       0       0       0       0       0       0       0
Total ram usage:        0 bytes
 Hardware stack levels used:    1
 Hardware stack levels required when called:    1
 This function calls:
		_I2C_Master_Wait
 This function is called by:
		_main
 This function uses a non-reentrant model


 *************** function _I2C_Master_Read *****************
 Defined at:
		line 25 in file "i2c_master.c"
 Parameters:    Size  Location     Type
  get             1    wreg     unsigned char 
 Auto vars:     Size  Location     Type
  get             1    1[COMMON] unsigned char 
  temp            1    2[COMMON] unsigned char 
 Return value:  Size  Location     Type
                  1    wreg      unsigned char 
 Registers used:
		wreg, status,2, status,0, pclath, cstack
 Tracked objects:
		On entry : 
		On exit  : 
		Unchanged: 
 Data sizes:     COMMON   BANK0   BANK1   BANK2   BANK3   BANK4   BANK5   BANK6
      Params:         0       0       0       0       0       0       0       0
      Locals:         2       0       0       0       0       0       0       0
      Temps:          1       0       0       0       0       0       0       0
      Totals:         3       0       0       0       0       0       0       0
Total ram usage:        3 bytes
 Hardware stack levels used:    1
 Hardware stack levels required when called:    1
 This function calls:
		_I2C_Master_Wait
 This function is called by:
		_main
 This function uses a non-reentrant model


 *************** function _I2C_Master_Wait *****************
 Defined at:
		line 4 in file "i2c_master.c"
 Parameters:    Size  Location     Type
		None
 Auto vars:     Size  Location     Type
		None
 Return value:  Size  Location     Type
                  1    wreg      void 
 Registers used:
		wreg, status,2
 Tracked objects:
		On entry : 
		On exit  : 
		Unchanged: 
 Data sizes:     COMMON   BANK0   BANK1   BANK2   BANK3   BANK4   BANK5   BANK6
      Params:         0       0       0       0       0       0       0       0
      Locals:         0       0       0       0       0       0       0       0
      Temps:          0       0       0       0       0       0       0       0
      Totals:         0       0       0       0       0       0       0       0
Total ram usage:        0 bytes
 Hardware stack levels used:    1
 This function calls:
		Nothing
 This function is called by:
		_I2C_Master_Start
		_I2C_Master_RepeatedStart
		_I2C_Master_Stop
		_I2C_Master_Write
		_I2C_Master_Read
 This function uses a non-reentrant model



MODULE INFORMATION

Module		Function		Class		Link	Load	Size
i2c_master.c
		_I2C_Master_Read		CODE           	0766	0000	30
		_I2C_Master_Wait		CODE           	073F	0000	13
		_I2C_Master_Stop		CODE           	071D	0000	7
		_I2C_Master_RepeatedStart		CODE           	0711	0000	7
		_I2C_Master_Write		CODE           	0758	0000	15
		_I2C_Master_Start		CODE           	0717	0000	7

i2c_master.c estimated size: 79

shared
		__initialization		CODE           	07FA	0000	4

shared estimated size: 4

init.c
		_init          		CODE           	074B	0000	14
		_PIN_MANAGER_Initialize		CODE           	0783	0000	48
		_master_init   		CODE           	0734	0000	12
		_PMD_Initialize		CODE           	0723	0000	9
		_OSCILLATOR_Initialize		CODE           	072B	0000	10

init.c estimated size: 93

main.c
		_main          		CODE           	07B2	0000	73

main.c estimated size: 73

